hashTime: 0.01561233
hashGroupTime: 0.01561700
31: 0 3 9 13 15 16 17 22 24 27 28 30 32 35 37 43 45 46 48 49 52 54 60 64 65 66 74 78 79 86 88 89 90 91 94 98 
191: 1 2 4 5 6 7 8 10 11 12 14 18 19 20 21 23 25 26 29 31 33 34 36 38 39 40 41 42 44 47 50 51 53 55 56 57 58 59 61 62 63 67 68 69 70 71 72 73 75 76 77 80 81 82 83 84 85 87 92 93 95 96 97 99 
compareTreeTime: 0.00056583
group 0: 0 9 45 86 
group 1: 3 60 
group 2: 15 24 49 
group 3: 16 27 35 78 
group 4: 17 65 
group 5: 28 54 94 
group 6: 30 88 
group 7: 37 52 89 
group 8: 74 79 
group 9: 91 98 
group 10: 1 55 
group 11: 4 71 
group 12: 5 31 
group 13: 6 47 
group 14: 8 80 
group 15: 10 76 
group 16: 11 18 29 96 
group 17: 12 73 87 
group 18: 14 50 57 
group 19: 19 21 
group 20: 20 53 75 
group 21: 23 33 51 
group 22: 25 36 
group 23: 26 34 63 
group 24: 38 93 99 
group 25: 40 62 
group 26: 41 83 
group 27: 42 68 92 
group 28: 56 95 
group 29: 59 77 
group 30: 67 72 
group 31: 69 70 
group 32: 81 85 97 
